
> react-kavia@0.1.0 start
> react-scripts start

Attempting to bind to HOST environment variable: 0.0.0.0
If this was unintentional, check that you haven't mistakenly set it in your shell.
Learn more here: https://cra.link/advanced-config

(node:789) [DEP_WEBPACK_DEV_SERVER_ON_AFTER_SETUP_MIDDLEWARE] DeprecationWarning: 'onAfterSetupMiddleware' option is deprecated. Please use the 'setupMiddlewares' option.
(Use `node --trace-deprecation ...` to show where the warning was created)
(node:789) [DEP_WEBPACK_DEV_SERVER_ON_BEFORE_SETUP_MIDDLEWARE] DeprecationWarning: 'onBeforeSetupMiddleware' option is deprecated. Please use the 'setupMiddlewares' option.
Starting the development server...

Compiled with warnings.

Failed to parse source map from '/home/kavia/workspace/code-generation/chessmate-95936-18a78b84/chess_frontend/node_modules/src/chess.ts' file: Error: ENOENT: no such file or directory, open '/home/kavia/workspace/code-generation/chessmate-95936-18a78b84/chess_frontend/node_modules/src/chess.ts'

[eslint] 
src/App.js
  Line 26:6:  React Hook React.useEffect has missing dependencies: 'chess' and 'dispatch'. Either include them or remove the dependency array  react-hooks/exhaustive-deps

src/AuthContext.js
  Line 14:11:  'session' is assigned a value but never used  no-unused-vars

src/components/ChessBoard.js
  Line 2:10:  'useChess' is defined but never used  no-unused-vars
  Line 3:10:  'Chess' is defined but never used     no-unused-vars

Search for the keywords to learn more about each warning.
To ignore, add // eslint-disable-next-line to the line before.

WARNING in ./node_modules/chess.js/dist/esm/chess.js
Module Warning (from ./node_modules/source-map-loader/dist/cjs.js):
Failed to parse source map from '/home/kavia/workspace/code-generation/chessmate-95936-18a78b84/chess_frontend/node_modules/src/chess.ts' file: Error: ENOENT: no such file or directory, open '/home/kavia/workspace/code-generation/chessmate-95936-18a78b84/chess_frontend/node_modules/src/chess.ts'

WARNING in [eslint] 
src/App.js
  Line 26:6:  React Hook React.useEffect has missing dependencies: 'chess' and 'dispatch'. Either include them or remove the dependency array  react-hooks/exhaustive-deps

src/AuthContext.js
  Line 14:11:  'session' is assigned a value but never used  no-unused-vars

src/components/ChessBoard.js
  Line 2:10:  'useChess' is defined but never used  no-unused-vars
  Line 3:10:  'Chess' is defined but never used     no-unused-vars

webpack compiled with 2 warnings
